PHPUnit 11.5.27 by Sebastian Bergmann and contributors.

Runtime:       PHP 8.3.29
Configuration: C:\laragon\www\spw-monolith\phpunit.xml

.FF.FFFFFFF                                                       11 / 11 (100%)

Time: 00:02.482, Memory: 52.00 MB

There were 9 failures:

1) Tests\Feature\CategoryTest::test_admin_can_delete_a_category
Expected response status code [302] but received 500.
Failed asserting that 500 is identical to 302.

The following exception occurred during the last request:

TypeError: League\Flysystem\Filesystem::has(): Argument #1 ($location) must be of type string, null given, called in C:\laragon\www\spw-monolith\vendor\laravel\framework\src\Illuminate\Filesystem\FilesystemAdapter.php on line 218 and defined in C:\laragon\www\spw-monolith\vendor\league\flysystem\src\Filesystem.php:46
Stack trace:
#0 C:\laragon\www\spw-monolith\vendor\laravel\framework\src\Illuminate\Filesystem\FilesystemAdapter.php(218): League\Flysystem\Filesystem->has(NULL)
#1 C:\laragon\www\spw-monolith\app\Http\Controllers\CategoryController.php(32): Illuminate\Filesystem\FilesystemAdapter->exists(NULL)
#2 C:\laragon\www\spw-monolith\vendor\laravel\framework\src\Illuminate\Routing\ControllerDispatcher.php(46): App\Http\Controllers\CategoryController->destroy(Object(App\Models\Category))
#3 C:\laragon\www\spw-monolith\vendor\laravel\framework\src\Illuminate\Routing\Route.php(265): Illuminate\Routing\ControllerDispatcher->dispatch(Object(Illuminate\Routing\Route), Object(App\Http\Controllers\CategoryController), 'destroy')
#4 C:\laragon\www\spw-monolith\vendor\laravel\framework\src\Illuminate\Routing\Route.php(211): Illuminate\Routing\Route->runController()
#5 C:\laragon\www\spw-monolith\vendor\laravel\framework\src\Illuminate\Routing\Router.php(822): Illuminate\Routing\Route->run()
#6 C:\laragon\www\spw-monolith\vendor\laravel\framework\src\Illuminate\Pipeline\Pipeline.php(180): Illuminate\Routing\Router->Illuminate\Routing\{closure}(Object(Illuminate\Http\Request))
#7 C:\laragon\www\spw-monolith\app\Http\Middleware\RoleMiddleware.php(24): Illuminate\Pipeline\Pipeline->Illuminate\Pipeline\{closure}(Object(Illuminate\Http\Request))
#8 C:\laragon\www\spw-monolith\vendor\laravel\framework\src\Illuminate\Pipeline\Pipeline.php(219): App\Http\Middleware\RoleMiddleware->handle(Object(Illuminate\Http\Request), Object(Closure), 'admin', 'staff')
#9 C:\laragon\www\spw-monolith\app\Http\Middleware\DetectUnsupportedBrowser.php(28): Illuminate\Pipeline\Pipeline->Illuminate\Pipeline\{closure}(Object(Illuminate\Http\Request))
#10 C:\laragon\www\spw-monolith\vendor\laravel\framework\src\Illuminate\Pipeline\Pipeline.php(219): App\Http\Middleware\DetectUnsupportedBrowser->handle(Object(Illuminate\Http\Request), Object(Closure))
#11 C:\laragon\www\spw-monolith\vendor\laravel\framework\src\Illuminate\Http\Middleware\AddLinkHeadersForPreloadedAssets.php(32): Illuminate\Pipeline\Pipeline->Illuminate\Pipeline\{closure}(Object(Illuminate\Http\Request))
#12 C:\laragon\www\spw-monolith\vendor\laravel\framework\src\Illuminate\Pipeline\Pipeline.php(219): Illuminate\Http\Middleware\AddLinkHeadersForPreloadedAssets->handle(Object(Illuminate\Http\Request), Object(Closure))
#13 C:\laragon\www\spw-monolith\vendor\inertiajs\inertia-laravel\src\Middleware.php(100): Illuminate\Pipeline\Pipeline->Illuminate\Pipeline\{closure}(Object(Illuminate\Http\Request))
#14 C:\laragon\www\spw-monolith\vendor\laravel\framework\src\Illuminate\Pipeline\Pipeline.php(219): Inertia\Middleware->handle(Object(Illuminate\Http\Request), Object(Closure))
#15 C:\laragon\www\spw-monolith\vendor\laravel\framework\src\Illuminate\Routing\Middleware\SubstituteBindings.php(50): Illuminate\Pipeline\Pipeline->Illuminate\Pipeline\{closure}(Object(Illuminate\Http\Request))
#16 C:\laragon\www\spw-monolith\vendor\laravel\framework\src\Illuminate\Pipeline\Pipeline.php(219): Illuminate\Routing\Middleware\SubstituteBindings->handle(Object(Illuminate\Http\Request), Object(Closure))
#17 C:\laragon\www\spw-monolith\vendor\laravel\framework\src\Illuminate\Auth\Middleware\Authenticate.php(63): Illuminate\Pipeline\Pipeline->Illuminate\Pipeline\{closure}(Object(Illuminate\Http\Request))
#18 C:\laragon\www\spw-monolith\vendor\laravel\framework\src\Illuminate\Pipeline\Pipeline.php(219): Illuminate\Auth\Middleware\Authenticate->handle(Object(Illuminate\Http\Request), Object(Closure))
#19 C:\laragon\www\spw-monolith\vendor\laravel\framework\src\Illuminate\Foundation\Http\Middleware\VerifyCsrfToken.php(87): Illuminate\Pipeline\Pipeline->Illuminate\Pipeline\{closure}(Object(Illuminate\Http\Request))
#20 C:\laragon\www\spw-monolith\vendor\laravel\framework\src\Illuminate\Pipeline\Pipeline.php(219): Illuminate\Foundation\Http\Middleware\VerifyCsrfToken->handle(Object(Illuminate\Http\Request), Object(Closure))
#21 C:\laragon\www\spw-monolith\vendor\laravel\framework\src\Illuminate\View\Middleware\ShareErrorsFromSession.php(48): Illuminate\Pipeline\Pipeline->Illuminate\Pipeline\{closure}(Object(Illuminate\Http\Request))
#22 C:\laragon\www\spw-monolith\vendor\laravel\framework\src\Illuminate\Pipeline\Pipeline.php(219): Illuminate\View\Middleware\ShareErrorsFromSession->handle(Object(Illuminate\Http\Request), Object(Closure))
#23 C:\laragon\www\spw-monolith\vendor\laravel\framework\src\Illuminate\Session\Middleware\StartSession.php(120): Illuminate\Pipeline\Pipeline->Illuminate\Pipeline\{closure}(Object(Illuminate\Http\Request))
#24 C:\laragon\www\spw-monolith\vendor\laravel\framework\src\Illuminate\Session\Middleware\StartSession.php(63): Illuminate\Session\Middleware\StartSession->handleStatefulRequest(Object(Illuminate\Http\Request), Object(Illuminate\Session\Store), Object(Closure))
#25 C:\laragon\www\spw-monolith\vendor\laravel\framework\src\Illuminate\Pipeline\Pipeline.php(219): Illuminate\Session\Middleware\StartSession->handle(Object(Illuminate\Http\Request), Object(Closure))
#26 C:\laragon\www\spw-monolith\vendor\laravel\framework\src\Illuminate\Cookie\Middleware\AddQueuedCookiesToResponse.php(36): Illuminate\Pipeline\Pipeline->Illuminate\Pipeline\{closure}(Object(Illuminate\Http\Request))
#27 C:\laragon\www\spw-monolith\vendor\laravel\framework\src\Illuminate\Pipeline\Pipeline.php(219): Illuminate\Cookie\Middleware\AddQueuedCookiesToResponse->handle(Object(Illuminate\Http\Request), Object(Closure))
#28 C:\laragon\www\spw-monolith\vendor\laravel\framework\src\Illuminate\Cookie\Middleware\EncryptCookies.php(74): Illuminate\Pipeline\Pipeline->Illuminate\Pipeline\{closure}(Object(Illuminate\Http\Request))
#29 C:\laragon\www\spw-monolith\vendor\laravel\framework\src\Illuminate\Pipeline\Pipeline.php(219): Illuminate\Cookie\Middleware\EncryptCookies->handle(Object(Illuminate\Http\Request), Object(Closure))
#30 C:\laragon\www\spw-monolith\vendor\laravel\framework\src\Illuminate\Pipeline\Pipeline.php(137): Illuminate\Pipeline\Pipeline->Illuminate\Pipeline\{closure}(Object(Illuminate\Http\Request))
#31 C:\laragon\www\spw-monolith\vendor\laravel\framework\src\Illuminate\Routing\Router.php(821): Illuminate\Pipeline\Pipeline->then(Object(Closure))
#32 C:\laragon\www\spw-monolith\vendor\laravel\framework\src\Illuminate\Routing\Router.php(800): Illuminate\Routing\Router->runRouteWithinStack(Object(Illuminate\Routing\Route), Object(Illuminate\Http\Request))
#33 C:\laragon\www\spw-monolith\vendor\laravel\framework\src\Illuminate\Routing\Router.php(764): Illuminate\Routing\Router->runRoute(Object(Illuminate\Http\Request), Object(Illuminate\Routing\Route))
#34 C:\laragon\www\spw-monolith\vendor\laravel\framework\src\Illuminate\Routing\Router.php(753): Illuminate\Routing\Router->dispatchToRoute(Object(Illuminate\Http\Request))
#35 C:\laragon\www\spw-monolith\vendor\laravel\framework\src\Illuminate\Foundation\Http\Kernel.php(200): Illuminate\Routing\Router->dispatch(Object(Illuminate\Http\Request))
#36 C:\laragon\www\spw-monolith\vendor\laravel\framework\src\Illuminate\Pipeline\Pipeline.php(180): Illuminate\Foundation\Http\Kernel->Illuminate\Foundation\Http\{closure}(Object(Illuminate\Http\Request))
#37 C:\laragon\www\spw-monolith\vendor\laravel\framework\src\Illuminate\Foundation\Http\Middleware\TransformsRequest.php(21): Illuminate\Pipeline\Pipeline->Illuminate\Pipeline\{closure}(Object(Illuminate\Http\Request))
#38 C:\laragon\www\spw-monolith\vendor\laravel\framework\src\Illuminate\Foundation\Http\Middleware\ConvertEmptyStringsToNull.php(31): Illuminate\Foundation\Http\Middleware\TransformsRequest->handle(Object(Illuminate\Http\Request), Object(Closure))
#39 C:\laragon\www\spw-monolith\vendor\laravel\framework\src\Illuminate\Pipeline\Pipeline.php(219): Illuminate\Foundation\Http\Middleware\ConvertEmptyStringsToNull->handle(Object(Illuminate\Http\Request), Object(Closure))
#40 C:\laragon\www\spw-monolith\vendor\laravel\framework\src\Illuminate\Foundation\Http\Middleware\TransformsRequest.php(21): Illuminate\Pipeline\Pipeline->Illuminate\Pipeline\{closure}(Object(Illuminate\Http\Request))
#41 C:\laragon\www\spw-monolith\vendor\laravel\framework\src\Illuminate\Foundation\Http\Middleware\TrimStrings.php(51): Illuminate\Foundation\Http\Middleware\TransformsRequest->handle(Object(Illuminate\Http\Request), Object(Closure))
#42 C:\laragon\www\spw-monolith\vendor\laravel\framework\src\Illuminate\Pipeline\Pipeline.php(219): Illuminate\Foundation\Http\Middleware\TrimStrings->handle(Object(Illuminate\Http\Request), Object(Closure))
#43 C:\laragon\www\spw-monolith\vendor\laravel\framework\src\Illuminate\Http\Middleware\ValidatePostSize.php(27): Illuminate\Pipeline\Pipeline->Illuminate\Pipeline\{closure}(Object(Illuminate\Http\Request))
#44 C:\laragon\www\spw-monolith\vendor\laravel\framework\src\Illuminate\Pipeline\Pipeline.php(219): Illuminate\Http\Middleware\ValidatePostSize->handle(Object(Illuminate\Http\Request), Object(Closure))
#45 C:\laragon\www\spw-monolith\vendor\laravel\framework\src\Illuminate\Foundation\Http\Middleware\PreventRequestsDuringMaintenance.php(109): Illuminate\Pipeline\Pipeline->Illuminate\Pipeline\{closure}(Object(Illuminate\Http\Request))
#46 C:\laragon\www\spw-monolith\vendor\laravel\framework\src\Illuminate\Pipeline\Pipeline.php(219): Illuminate\Foundation\Http\Middleware\PreventRequestsDuringMaintenance->handle(Object(Illuminate\Http\Request), Object(Closure))
#47 C:\laragon\www\spw-monolith\vendor\laravel\framework\src\Illuminate\Http\Middleware\HandleCors.php(61): Illuminate\Pipeline\Pipeline->Illuminate\Pipeline\{closure}(Object(Illuminate\Http\Request))
#48 C:\laragon\www\spw-monolith\vendor\laravel\framework\src\Illuminate\Pipeline\Pipeline.php(219): Illuminate\Http\Middleware\HandleCors->handle(Object(Illuminate\Http\Request), Object(Closure))
#49 C:\laragon\www\spw-monolith\vendor\laravel\framework\src\Illuminate\Http\Middleware\TrustProxies.php(58): Illuminate\Pipeline\Pipeline->Illuminate\Pipeline\{closure}(Object(Illuminate\Http\Request))
#50 C:\laragon\www\spw-monolith\vendor\laravel\framework\src\Illuminate\Pipeline\Pipeline.php(219): Illuminate\Http\Middleware\TrustProxies->handle(Object(Illuminate\Http\Request), Object(Closure))
#51 C:\laragon\www\spw-monolith\vendor\laravel\framework\src\Illuminate\Foundation\Http\Middleware\InvokeDeferredCallbacks.php(22): Illuminate\Pipeline\Pipeline->Illuminate\Pipeline\{closure}(Object(Illuminate\Http\Request))
#52 C:\laragon\www\spw-monolith\vendor\laravel\framework\src\Illuminate\Pipeline\Pipeline.php(219): Illuminate\Foundation\Http\Middleware\InvokeDeferredCallbacks->handle(Object(Illuminate\Http\Request), Object(Closure))
#53 C:\laragon\www\spw-monolith\vendor\laravel\framework\src\Illuminate\Http\Middleware\ValidatePathEncoding.php(26): Illuminate\Pipeline\Pipeline->Illuminate\Pipeline\{closure}(Object(Illuminate\Http\Request))
#54 C:\laragon\www\spw-monolith\vendor\laravel\framework\src\Illuminate\Pipeline\Pipeline.php(219): Illuminate\Http\Middleware\ValidatePathEncoding->handle(Object(Illuminate\Http\Request), Object(Closure))
#55 C:\laragon\www\spw-monolith\vendor\laravel\framework\src\Illuminate\Pipeline\Pipeline.php(137): Illuminate\Pipeline\Pipeline->Illuminate\Pipeline\{closure}(Object(Illuminate\Http\Request))
#56 C:\laragon\www\spw-monolith\vendor\laravel\framework\src\Illuminate\Foundation\Http\Kernel.php(175): Illuminate\Pipeline\Pipeline->then(Object(Closure))
#57 C:\laragon\www\spw-monolith\vendor\laravel\framework\src\Illuminate\Foundation\Http\Kernel.php(144): Illuminate\Foundation\Http\Kernel->sendRequestThroughRouter(Object(Illuminate\Http\Request))
#58 C:\laragon\www\spw-monolith\vendor\laravel\framework\src\Illuminate\Foundation\Testing\Concerns\MakesHttpRequests.php(607): Illuminate\Foundation\Http\Kernel->handle(Object(Illuminate\Http\Request))
#59 C:\laragon\www\spw-monolith\vendor\laravel\framework\src\Illuminate\Foundation\Testing\Concerns\MakesHttpRequests.php(487): Illuminate\Foundation\Testing\TestCase->call('DELETE', 'http://localhos...', Array, Array, Array, Array)
#60 C:\laragon\www\spw-monolith\tests\Feature\CategoryTest.php(32): Illuminate\Foundation\Testing\TestCase->delete('http://localhos...')
#61 C:\laragon\www\spw-monolith\vendor\phpunit\phpunit\src\Framework\TestCase.php(1656): Tests\Feature\CategoryTest->test_admin_can_delete_a_category()
#62 C:\laragon\www\spw-monolith\vendor\phpunit\phpunit\src\Framework\TestCase.php(514): PHPUnit\Framework\TestCase->runTest()
#63 C:\laragon\www\spw-monolith\vendor\phpunit\phpunit\src\Framework\TestRunner\TestRunner.php(87): PHPUnit\Framework\TestCase->runBare()
#64 C:\laragon\www\spw-monolith\vendor\phpunit\phpunit\src\Framework\TestCase.php(361): PHPUnit\Framework\TestRunner->run(Object(Tests\Feature\CategoryTest))
#65 C:\laragon\www\spw-monolith\vendor\phpunit\phpunit\src\Framework\TestSuite.php(369): PHPUnit\Framework\TestCase->run()
#66 C:\laragon\www\spw-monolith\vendor\phpunit\phpunit\src\Framework\TestSuite.php(369): PHPUnit\Framework\TestSuite->run()
#67 C:\laragon\www\spw-monolith\vendor\phpunit\phpunit\src\Framework\TestSuite.php(369): PHPUnit\Framework\TestSuite->run()
#68 C:\laragon\www\spw-monolith\vendor\phpunit\phpunit\src\TextUI\TestRunner.php(64): PHPUnit\Framework\TestSuite->run()
#69 C:\laragon\www\spw-monolith\vendor\phpunit\phpunit\src\TextUI\Application.php(210): PHPUnit\TextUI\TestRunner->run(Object(PHPUnit\TextUI\Configuration\Configuration), Object(PHPUnit\Runner\ResultCache\DefaultResultCache), Object(PHPUnit\Framework\TestSuite))
#70 C:\laragon\www\spw-monolith\vendor\phpunit\phpunit\phpunit(104): PHPUnit\TextUI\Application->run(Array)
#71 C:\laragon\www\spw-monolith\vendor\bin\phpunit(123): include('C:\\laragon\\www\\...')
#72 {main}

----------------------------------------------------------------------------------

League\Flysystem\Filesystem::has(): Argument #1 ($location) must be of type string, null given, called in C:\laragon\www\spw-monolith\vendor\laravel\framework\src\Illuminate\Filesystem\FilesystemAdapter.php on line 218

C:\laragon\www\spw-monolith\vendor\laravel\framework\src\Illuminate\Testing\TestResponseAssert.php:45
C:\laragon\www\spw-monolith\vendor\laravel\framework\src\Illuminate\Testing\TestResponse.php:174
C:\laragon\www\spw-monolith\tests\Feature\CategoryTest.php:34

2) Tests\Feature\DashboardTest::test_admin_can_access_admin_dashboard
Expected response status code [200] but received 500.
Failed asserting that 500 is identical to 200.

The following exception occurred during the last request:

PDOException: SQLSTATE[HY000]: General error: 1 no such function: MONTH in C:\laragon\www\spw-monolith\vendor\laravel\framework\src\Illuminate\Database\Connection.php:420
Stack trace:
#0 C:\laragon\www\spw-monolith\vendor\laravel\framework\src\Illuminate\Database\Connection.php(420): PDO->prepare('select MONTH(cr...')
#1 C:\laragon\www\spw-monolith\vendor\laravel\framework\src\Illuminate\Database\Connection.php(827): Illuminate\Database\Connection->Illuminate\Database\{closure}('select MONTH(cr...', Array)
#2 C:\laragon\www\spw-monolith\vendor\laravel\framework\src\Illuminate\Database\Connection.php(794): Illuminate\Database\Connection->runQueryCallback('select MONTH(cr...', Array, Object(Closure))
#3 C:\laragon\www\spw-monolith\vendor\laravel\framework\src\Illuminate\Database\Connection.php(411): Illuminate\Database\Connection->run('select MONTH(cr...', Array, Object(Closure))
#4 C:\laragon\www\spw-monolith\vendor\laravel\framework\src\Illuminate\Database\Query\Builder.php(3475): Illuminate\Database\Connection->select('select MONTH(cr...', Array, true)
#5 C:\laragon\www\spw-monolith\vendor\laravel\framework\src\Illuminate\Database\Query\Builder.php(3733): Illuminate\Database\Query\Builder->runSelect()
#6 C:\laragon\www\spw-monolith\vendor\laravel\framework\src\Illuminate\Database\Query\Builder.php(4050): Illuminate\Database\Query\Builder->Illuminate\Database\Query\{closure}()
#7 C:\laragon\www\spw-monolith\vendor\laravel\framework\src\Illuminate\Database\Query\Builder.php(3729): Illuminate\Database\Query\Builder->onceWithColumns(Array, Object(Closure))
#8 C:\laragon\www\spw-monolith\vendor\laravel\framework\src\Illuminate\Database\Eloquent\Builder.php(1082): Illuminate\Database\Query\Builder->pluck('count', 'month')
#9 C:\laragon\www\spw-monolith\app\Http\Controllers\DashboardController.php(25): Illuminate\Database\Eloquent\Builder->pluck('count', 'month')
#10 C:\laragon\www\spw-monolith\vendor\laravel\framework\src\Illuminate\Routing\ControllerDispatcher.php(46): App\Http\Controllers\DashboardController->render_home()
#11 C:\laragon\www\spw-monolith\vendor\laravel\framework\src\Illuminate\Routing\Route.php(265): Illuminate\Routing\ControllerDispatcher->dispatch(Object(Illuminate\Routing\Route), Object(App\Http\Controllers\DashboardController), 'render_home')
#12 C:\laragon\www\spw-monolith\vendor\laravel\framework\src\Illuminate\Routing\Route.php(211): Illuminate\Routing\Route->runController()
#13 C:\laragon\www\spw-monolith\vendor\laravel\framework\src\Illuminate\Routing\Router.php(822): Illuminate\Routing\Route->run()
#14 C:\laragon\www\spw-monolith\vendor\laravel\framework\src\Illuminate\Pipeline\Pipeline.php(180): Illuminate\Routing\Router->Illuminate\Routing\{closure}(Object(Illuminate\Http\Request))
#15 C:\laragon\www\spw-monolith\app\Http\Middleware\RoleMiddleware.php(24): Illuminate\Pipeline\Pipeline->Illuminate\Pipeline\{closure}(Object(Illuminate\Http\Request))
#16 C:\laragon\www\spw-monolith\vendor\laravel\framework\src\Illuminate\Pipeline\Pipeline.php(219): App\Http\Middleware\RoleMiddleware->handle(Object(Illuminate\Http\Request), Object(Closure), 'admin')
#17 C:\laragon\www\spw-monolith\app\Http\Middleware\DetectUnsupportedBrowser.php(28): Illuminate\Pipeline\Pipeline->Illuminate\Pipeline\{closure}(Object(Illuminate\Http\Request))
#18 C:\laragon\www\spw-monolith\vendor\laravel\framework\src\Illuminate\Pipeline\Pipeline.php(219): App\Http\Middleware\DetectUnsupportedBrowser->handle(Object(Illuminate\Http\Request), Object(Closure))
#19 C:\laragon\www\spw-monolith\vendor\laravel\framework\src\Illuminate\Http\Middleware\AddLinkHeadersForPreloadedAssets.php(32): Illuminate\Pipeline\Pipeline->Illuminate\Pipeline\{closure}(Object(Illuminate\Http\Request))
#20 C:\laragon\www\spw-monolith\vendor\laravel\framework\src\Illuminate\Pipeline\Pipeline.php(219): Illuminate\Http\Middleware\AddLinkHeadersForPreloadedAssets->handle(Object(Illuminate\Http\Request), Object(Closure))
#21 C:\laragon\www\spw-monolith\vendor\inertiajs\inertia-laravel\src\Middleware.php(100): Illuminate\Pipeline\Pipeline->Illuminate\Pipeline\{closure}(Object(Illuminate\Http\Request))
#22 C:\laragon\www\spw-monolith\vendor\laravel\framework\src\Illuminate\Pipeline\Pipeline.php(219): Inertia\Middleware->handle(Object(Illuminate\Http\Request), Object(Closure))
#23 C:\laragon\www\spw-monolith\vendor\laravel\framework\src\Illuminate\Routing\Middleware\SubstituteBindings.php(50): Illuminate\Pipeline\Pipeline->Illuminate\Pipeline\{closure}(Object(Illuminate\Http\Request))
#24 C:\laragon\www\spw-monolith\vendor\laravel\framework\src\Illuminate\Pipeline\Pipeline.php(219): Illuminate\Routing\Middleware\SubstituteBindings->handle(Object(Illuminate\Http\Request), Object(Closure))
#25 C:\laragon\www\spw-monolith\vendor\laravel\framework\src\Illuminate\Auth\Middleware\Authenticate.php(63): Illuminate\Pipeline\Pipeline->Illuminate\Pipeline\{closure}(Object(Illuminate\Http\Request))
#26 C:\laragon\www\spw-monolith\vendor\laravel\framework\src\Illuminate\Pipeline\Pipeline.php(219): Illuminate\Auth\Middleware\Authenticate->handle(Object(Illuminate\Http\Request), Object(Closure))
#27 C:\laragon\www\spw-monolith\vendor\laravel\framework\src\Illuminate\Foundation\Http\Middleware\VerifyCsrfToken.php(87): Illuminate\Pipeline\Pipeline->Illuminate\Pipeline\{closure}(Object(Illuminate\Http\Request))
#28 C:\laragon\www\spw-monolith\vendor\laravel\framework\src\Illuminate\Pipeline\Pipeline.php(219): Illuminate\Foundation\Http\Middleware\VerifyCsrfToken->handle(Object(Illuminate\Http\Request), Object(Closure))
#29 C:\laragon\www\spw-monolith\vendor\laravel\framework\src\Illuminate\View\Middleware\ShareErrorsFromSession.php(48): Illuminate\Pipeline\Pipeline->Illuminate\Pipeline\{closure}(Object(Illuminate\Http\Request))
#30 C:\laragon\www\spw-monolith\vendor\laravel\framework\src\Illuminate\Pipeline\Pipeline.php(219): Illuminate\View\Middleware\ShareErrorsFromSession->handle(Object(Illuminate\Http\Request), Object(Closure))
#31 C:\laragon\www\spw-monolith\vendor\laravel\framework\src\Illuminate\Session\Middleware\StartSession.php(120): Illuminate\Pipeline\Pipeline->Illuminate\Pipeline\{closure}(Object(Illuminate\Http\Request))
#32 C:\laragon\www\spw-monolith\vendor\laravel\framework\src\Illuminate\Session\Middleware\StartSession.php(63): Illuminate\Session\Middleware\StartSession->handleStatefulRequest(Object(Illuminate\Http\Request), Object(Illuminate\Session\Store), Object(Closure))
#33 C:\laragon\www\spw-monolith\vendor\laravel\framework\src\Illuminate\Pipeline\Pipeline.php(219): Illuminate\Session\Middleware\StartSession->handle(Object(Illuminate\Http\Request), Object(Closure))
#34 C:\laragon\www\spw-monolith\vendor\laravel\framework\src\Illuminate\Cookie\Middleware\AddQueuedCookiesToResponse.php(36): Illuminate\Pipeline\Pipeline->Illuminate\Pipeline\{closure}(Object(Illuminate\Http\Request))
#35 C:\laragon\www\spw-monolith\vendor\laravel\framework\src\Illuminate\Pipeline\Pipeline.php(219): Illuminate\Cookie\Middleware\AddQueuedCookiesToResponse->handle(Object(Illuminate\Http\Request), Object(Closure))
#36 C:\laragon\www\spw-monolith\vendor\laravel\framework\src\Illuminate\Cookie\Middleware\EncryptCookies.php(74): Illuminate\Pipeline\Pipeline->Illuminate\Pipeline\{closure}(Object(Illuminate\Http\Request))
#37 C:\laragon\www\spw-monolith\vendor\laravel\framework\src\Illuminate\Pipeline\Pipeline.php(219): Illuminate\Cookie\Middleware\EncryptCookies->handle(Object(Illuminate\Http\Request), Object(Closure))
#38 C:\laragon\www\spw-monolith\vendor\laravel\framework\src\Illuminate\Pipeline\Pipeline.php(137): Illuminate\Pipeline\Pipeline->Illuminate\Pipeline\{closure}(Object(Illuminate\Http\Request))
#39 C:\laragon\www\spw-monolith\vendor\laravel\framework\src\Illuminate\Routing\Router.php(821): Illuminate\Pipeline\Pipeline->then(Object(Closure))
#40 C:\laragon\www\spw-monolith\vendor\laravel\framework\src\Illuminate\Routing\Router.php(800): Illuminate\Routing\Router->runRouteWithinStack(Object(Illuminate\Routing\Route), Object(Illuminate\Http\Request))
#41 C:\laragon\www\spw-monolith\vendor\laravel\framework\src\Illuminate\Routing\Router.php(764): Illuminate\Routing\Router->runRoute(Object(Illuminate\Http\Request), Object(Illuminate\Routing\Route))
#42 C:\laragon\www\spw-monolith\vendor\laravel\framework\src\Illuminate\Routing\Router.php(753): Illuminate\Routing\Router->dispatchToRoute(Object(Illuminate\Http\Request))
#43 C:\laragon\www\spw-monolith\vendor\laravel\framework\src\Illuminate\Foundation\Http\Kernel.php(200): Illuminate\Routing\Router->dispatch(Object(Illuminate\Http\Request))
#44 C:\laragon\www\spw-monolith\vendor\laravel\framework\src\Illuminate\Pipeline\Pipeline.php(180): Illuminate\Foundation\Http\Kernel->Illuminate\Foundation\Http\{closure}(Object(Illuminate\Http\Request))
#45 C:\laragon\www\spw-monolith\vendor\laravel\framework\src\Illuminate\Foundation\Http\Middleware\TransformsRequest.php(21): Illuminate\Pipeline\Pipeline->Illuminate\Pipeline\{closure}(Object(Illuminate\Http\Request))
#46 C:\laragon\www\spw-monolith\vendor\laravel\framework\src\Illuminate\Foundation\Http\Middleware\ConvertEmptyStringsToNull.php(31): Illuminate\Foundation\Http\Middleware\TransformsRequest->handle(Object(Illuminate\Http\Request), Object(Closure))
#47 C:\laragon\www\spw-monolith\vendor\laravel\framework\src\Illuminate\Pipeline\Pipeline.php(219): Illuminate\Foundation\Http\Middleware\ConvertEmptyStringsToNull->handle(Object(Illuminate\Http\Request), Object(Closure))
#48 C:\laragon\www\spw-monolith\vendor\laravel\framework\src\Illuminate\Foundation\Http\Middleware\TransformsRequest.php(21): Illuminate\Pipeline\Pipeline->Illuminate\Pipeline\{closure}(Object(Illuminate\Http\Request))
#49 C:\laragon\www\spw-monolith\vendor\laravel\framework\src\Illuminate\Foundation\Http\Middleware\TrimStrings.php(51): Illuminate\Foundation\Http\Middleware\TransformsRequest->handle(Object(Illuminate\Http\Request), Object(Closure))
#50 C:\laragon\www\spw-monolith\vendor\laravel\framework\src\Illuminate\Pipeline\Pipeline.php(219): Illuminate\Foundation\Http\Middleware\TrimStrings->handle(Object(Illuminate\Http\Request), Object(Closure))
#51 C:\laragon\www\spw-monolith\vendor\laravel\framework\src\Illuminate\Http\Middleware\ValidatePostSize.php(27): Illuminate\Pipeline\Pipeline->Illuminate\Pipeline\{closure}(Object(Illuminate\Http\Request))
#52 C:\laragon\www\spw-monolith\vendor\laravel\framework\src\Illuminate\Pipeline\Pipeline.php(219): Illuminate\Http\Middleware\ValidatePostSize->handle(Object(Illuminate\Http\Request), Object(Closure))
#53 C:\laragon\www\spw-monolith\vendor\laravel\framework\src\Illuminate\Foundation\Http\Middleware\PreventRequestsDuringMaintenance.php(109): Illuminate\Pipeline\Pipeline->Illuminate\Pipeline\{closure}(Object(Illuminate\Http\Request))
#54 C:\laragon\www\spw-monolith\vendor\laravel\framework\src\Illuminate\Pipeline\Pipeline.php(219): Illuminate\Foundation\Http\Middleware\PreventRequestsDuringMaintenance->handle(Object(Illuminate\Http\Request), Object(Closure))
#55 C:\laragon\www\spw-monolith\vendor\laravel\framework\src\Illuminate\Http\Middleware\HandleCors.php(61): Illuminate\Pipeline\Pipeline->Illuminate\Pipeline\{closure}(Object(Illuminate\Http\Request))
#56 C:\laragon\www\spw-monolith\vendor\laravel\framework\src\Illuminate\Pipeline\Pipeline.php(219): Illuminate\Http\Middleware\HandleCors->handle(Object(Illuminate\Http\Request), Object(Closure))
#57 C:\laragon\www\spw-monolith\vendor\laravel\framework\src\Illuminate\Http\Middleware\TrustProxies.php(58): Illuminate\Pipeline\Pipeline->Illuminate\Pipeline\{closure}(Object(Illuminate\Http\Request))
#58 C:\laragon\www\spw-monolith\vendor\laravel\framework\src\Illuminate\Pipeline\Pipeline.php(219): Illuminate\Http\Middleware\TrustProxies->handle(Object(Illuminate\Http\Request), Object(Closure))
#59 C:\laragon\www\spw-monolith\vendor\laravel\framework\src\Illuminate\Foundation\Http\Middleware\InvokeDeferredCallbacks.php(22): Illuminate\Pipeline\Pipeline->Illuminate\Pipeline\{closure}(Object(Illuminate\Http\Request))
#60 C:\laragon\www\spw-monolith\vendor\laravel\framework\src\Illuminate\Pipeline\Pipeline.php(219): Illuminate\Foundation\Http\Middleware\InvokeDeferredCallbacks->handle(Object(Illuminate\Http\Request), Object(Closure))
#61 C:\laragon\www\spw-monolith\vendor\laravel\framework\src\Illuminate\Http\Middleware\ValidatePathEncoding.php(26): Illuminate\Pipeline\Pipeline->Illuminate\Pipeline\{closure}(Object(Illuminate\Http\Request))
#62 C:\laragon\www\spw-monolith\vendor\laravel\framework\src\Illuminate\Pipeline\Pipeline.php(219): Illuminate\Http\Middleware\ValidatePathEncoding->handle(Object(Illuminate\Http\Request), Object(Closure))
#63 C:\laragon\www\spw-monolith\vendor\laravel\framework\src\Illuminate\Pipeline\Pipeline.php(137): Illuminate\Pipeline\Pipeline->Illuminate\Pipeline\{closure}(Object(Illuminate\Http\Request))
#64 C:\laragon\www\spw-monolith\vendor\laravel\framework\src\Illuminate\Foundation\Http\Kernel.php(175): Illuminate\Pipeline\Pipeline->then(Object(Closure))
#65 C:\laragon\www\spw-monolith\vendor\laravel\framework\src\Illuminate\Foundation\Http\Kernel.php(144): Illuminate\Foundation\Http\Kernel->sendRequestThroughRouter(Object(Illuminate\Http\Request))
#66 C:\laragon\www\spw-monolith\vendor\laravel\framework\src\Illuminate\Foundation\Testing\Concerns\MakesHttpRequests.php(607): Illuminate\Foundation\Http\Kernel->handle(Object(Illuminate\Http\Request))
#67 C:\laragon\www\spw-monolith\vendor\laravel\framework\src\Illuminate\Foundation\Testing\Concerns\MakesHttpRequests.php(368): Illuminate\Foundation\Testing\TestCase->call('GET', 'http://localhos...', Array, Array, Array, Array)
#68 C:\laragon\www\spw-monolith\tests\Feature\DashboardTest.php(17): Illuminate\Foundation\Testing\TestCase->get('http://localhos...')
#69 C:\laragon\www\spw-monolith\vendor\phpunit\phpunit\src\Framework\TestCase.php(1656): Tests\Feature\DashboardTest->test_admin_can_access_admin_dashboard()
#70 C:\laragon\www\spw-monolith\vendor\phpunit\phpunit\src\Framework\TestCase.php(514): PHPUnit\Framework\TestCase->runTest()
#71 C:\laragon\www\spw-monolith\vendor\phpunit\phpunit\src\Framework\TestRunner\TestRunner.php(87): PHPUnit\Framework\TestCase->runBare()
#72 C:\laragon\www\spw-monolith\vendor\phpunit\phpunit\src\Framework\TestCase.php(361): PHPUnit\Framework\TestRunner->run(Object(Tests\Feature\DashboardTest))
#73 C:\laragon\www\spw-monolith\vendor\phpunit\phpunit\src\Framework\TestSuite.php(369): PHPUnit\Framework\TestCase->run()
#74 C:\laragon\www\spw-monolith\vendor\phpunit\phpunit\src\Framework\TestSuite.php(369): PHPUnit\Framework\TestSuite->run()
#75 C:\laragon\www\spw-monolith\vendor\phpunit\phpunit\src\Framework\TestSuite.php(369): PHPUnit\Framework\TestSuite->run()
#76 C:\laragon\www\spw-monolith\vendor\phpunit\phpunit\src\TextUI\TestRunner.php(64): PHPUnit\Framework\TestSuite->run()
#77 C:\laragon\www\spw-monolith\vendor\phpunit\phpunit\src\TextUI\Application.php(210): PHPUnit\TextUI\TestRunner->run(Object(PHPUnit\TextUI\Configuration\Configuration), Object(PHPUnit\Runner\ResultCache\DefaultResultCache), Object(PHPUnit\Framework\TestSuite))
#78 C:\laragon\www\spw-monolith\vendor\phpunit\phpunit\phpunit(104): PHPUnit\TextUI\Application->run(Array)
#79 C:\laragon\www\spw-monolith\vendor\bin\phpunit(123): include('C:\\laragon\\www\\...')
#80 {main}

Next Illuminate\Database\QueryException: SQLSTATE[HY000]: General error: 1 no such function: MONTH (Connection: sqlite, Database: :memory:, SQL: select MONTH(created_at) as month, COUNT(*) as count from "orders" where strftime('%Y', "created_at") = cast(2026 as text) group by "month") in C:\laragon\www\spw-monolith\vendor\laravel\framework\src\Illuminate\Database\Connection.php:838
Stack trace:
#0 C:\laragon\www\spw-monolith\vendor\laravel\framework\src\Illuminate\Database\Connection.php(794): Illuminate\Database\Connection->runQueryCallback('select MONTH(cr...', Array, Object(Closure))
#1 C:\laragon\www\spw-monolith\vendor\laravel\framework\src\Illuminate\Database\Connection.php(411): Illuminate\Database\Connection->run('select MONTH(cr...', Array, Object(Closure))
#2 C:\laragon\www\spw-monolith\vendor\laravel\framework\src\Illuminate\Database\Query\Builder.php(3475): Illuminate\Database\Connection->select('select MONTH(cr...', Array, true)
#3 C:\laragon\www\spw-monolith\vendor\laravel\framework\src\Illuminate\Database\Query\Builder.php(3733): Illuminate\Database\Query\Builder->runSelect()
#4 C:\laragon\www\spw-monolith\vendor\laravel\framework\src\Illuminate\Database\Query\Builder.php(4050): Illuminate\Database\Query\Builder->Illuminate\Database\Query\{closure}()
#5 C:\laragon\www\spw-monolith\vendor\laravel\framework\src\Illuminate\Database\Query\Builder.php(3729): Illuminate\Database\Query\Builder->onceWithColumns(Array, Object(Closure))
#6 C:\laragon\www\spw-monolith\vendor\laravel\framework\src\Illuminate\Database\Eloquent\Builder.php(1082): Illuminate\Database\Query\Builder->pluck('count', 'month')
#7 C:\laragon\www\spw-monolith\app\Http\Controllers\DashboardController.php(25): Illuminate\Database\Eloquent\Builder->pluck('count', 'month')
#8 C:\laragon\www\spw-monolith\vendor\laravel\framework\src\Illuminate\Routing\ControllerDispatcher.php(46): App\Http\Controllers\DashboardController->render_home()
#9 C:\laragon\www\spw-monolith\vendor\laravel\framework\src\Illuminate\Routing\Route.php(265): Illuminate\Routing\ControllerDispatcher->dispatch(Object(Illuminate\Routing\Route), Object(App\Http\Controllers\DashboardController), 'render_home')
#10 C:\laragon\www\spw-monolith\vendor\laravel\framework\src\Illuminate\Routing\Route.php(211): Illuminate\Routing\Route->runController()
#11 C:\laragon\www\spw-monolith\vendor\laravel\framework\src\Illuminate\Routing\Router.php(822): Illuminate\Routing\Route->run()
#12 C:\laragon\www\spw-monolith\vendor\laravel\framework\src\Illuminate\Pipeline\Pipeline.php(180): Illuminate\Routing\Router->Illuminate\Routing\{closure}(Object(Illuminate\Http\Request))
#13 C:\laragon\www\spw-monolith\app\Http\Middleware\RoleMiddleware.php(24): Illuminate\Pipeline\Pipeline->Illuminate\Pipeline\{closure}(Object(Illuminate\Http\Request))
#14 C:\laragon\www\spw-monolith\vendor\laravel\framework\src\Illuminate\Pipeline\Pipeline.php(219): App\Http\Middleware\RoleMiddleware->handle(Object(Illuminate\Http\Request), Object(Closure), 'admin')
#15 C:\laragon\www\spw-monolith\app\Http\Middleware\DetectUnsupportedBrowser.php(28): Illuminate\Pipeline\Pipeline->Illuminate\Pipeline\{closure}(Object(Illuminate\Http\Request))
#16 C:\laragon\www\spw-monolith\vendor\laravel\framework\src\Illuminate\Pipeline\Pipeline.php(219): App\Http\Middleware\DetectUnsupportedBrowser->handle(Object(Illuminate\Http\Request), Object(Closure))
#17 C:\laragon\www\spw-monolith\vendor\laravel\framework\src\Illuminate\Http\Middleware\AddLinkHeadersForPreloadedAssets.php(32): Illuminate\Pipeline\Pipeline->Illuminate\Pipeline\{closure}(Object(Illuminate\Http\Request))
#18 C:\laragon\www\spw-monolith\vendor\laravel\framework\src\Illuminate\Pipeline\Pipeline.php(219): Illuminate\Http\Middleware\AddLinkHeadersForPreloadedAssets->handle(Object(Illuminate\Http\Request), Object(Closure))
#19 C:\laragon\www\spw-monolith\vendor\inertiajs\inertia-laravel\src\Middleware.php(100): Illuminate\Pipeline\Pipeline->Illuminate\Pipeline\{closure}(Object(Illuminate\Http\Request))
#20 C:\laragon\www\spw-monolith\vendor\laravel\framework\src\Illuminate\Pipeline\Pipeline.php(219): Inertia\Middleware->handle(Object(Illuminate\Http\Request), Object(Closure))
#21 C:\laragon\www\spw-monolith\vendor\laravel\framework\src\Illuminate\Routing\Middleware\SubstituteBindings.php(50): Illuminate\Pipeline\Pipeline->Illuminate\Pipeline\{closure}(Object(Illuminate\Http\Request))
#22 C:\laragon\www\spw-monolith\vendor\laravel\framework\src\Illuminate\Pipeline\Pipeline.php(219): Illuminate\Routing\Middleware\SubstituteBindings->handle(Object(Illuminate\Http\Request), Object(Closure))
#23 C:\laragon\www\spw-monolith\vendor\laravel\framework\src\Illuminate\Auth\Middleware\Authenticate.php(63): Illuminate\Pipeline\Pipeline->Illuminate\Pipeline\{closure}(Object(Illuminate\Http\Request))
#24 C:\laragon\www\spw-monolith\vendor\laravel\framework\src\Illuminate\Pipeline\Pipeline.php(219): Illuminate\Auth\Middleware\Authenticate->handle(Object(Illuminate\Http\Request), Object(Closure))
#25 C:\laragon\www\spw-monolith\vendor\laravel\framework\src\Illuminate\Foundation\Http\Middleware\VerifyCsrfToken.php(87): Illuminate\Pipeline\Pipeline->Illuminate\Pipeline\{closure}(Object(Illuminate\Http\Request))
#26 C:\laragon\www\spw-monolith\vendor\laravel\framework\src\Illuminate\Pipeline\Pipeline.php(219): Illuminate\Foundation\Http\Middleware\VerifyCsrfToken->handle(Object(Illuminate\Http\Request), Object(Closure))
#27 C:\laragon\www\spw-monolith\vendor\laravel\framework\src\Illuminate\View\Middleware\ShareErrorsFromSession.php(48): Illuminate\Pipeline\Pipeline->Illuminate\Pipeline\{closure}(Object(Illuminate\Http\Request))
#28 C:\laragon\www\spw-monolith\vendor\laravel\framework\src\Illuminate\Pipeline\Pipeline.php(219): Illuminate\View\Middleware\ShareErrorsFromSession->handle(Object(Illuminate\Http\Request), Object(Closure))
#29 C:\laragon\www\spw-monolith\vendor\laravel\framework\src\Illuminate\Session\Middleware\StartSession.php(120): Illuminate\Pipeline\Pipeline->Illuminate\Pipeline\{closure}(Object(Illuminate\Http\Request))
#30 C:\laragon\www\spw-monolith\vendor\laravel\framework\src\Illuminate\Session\Middleware\StartSession.php(63): Illuminate\Session\Middleware\StartSession->handleStatefulRequest(Object(Illuminate\Http\Request), Object(Illuminate\Session\Store), Object(Closure))
#31 C:\laragon\www\spw-monolith\vendor\laravel\framework\src\Illuminate\Pipeline\Pipeline.php(219): Illuminate\Session\Middleware\StartSession->handle(Object(Illuminate\Http\Request), Object(Closure))
#32 C:\laragon\www\spw-monolith\vendor\laravel\framework\src\Illuminate\Cookie\Middleware\AddQueuedCookiesToResponse.php(36): Illuminate\Pipeline\Pipeline->Illuminate\Pipeline\{closure}(Object(Illuminate\Http\Request))
#33 C:\laragon\www\spw-monolith\vendor\laravel\framework\src\Illuminate\Pipeline\Pipeline.php(219): Illuminate\Cookie\Middleware\AddQueuedCookiesToResponse->handle(Object(Illuminate\Http\Request), Object(Closure))
#34 C:\laragon\www\spw-monolith\vendor\laravel\framework\src\Illuminate\Cookie\Middleware\EncryptCookies.php(74): Illuminate\Pipeline\Pipeline->Illuminate\Pipeline\{closure}(Object(Illuminate\Http\Request))
#35 C:\laragon\www\spw-monolith\vendor\laravel\framework\src\Illuminate\Pipeline\Pipeline.php(219): Illuminate\Cookie\Middleware\EncryptCookies->handle(Object(Illuminate\Http\Request), Object(Closure))
#36 C:\laragon\www\spw-monolith\vendor\laravel\framework\src\Illuminate\Pipeline\Pipeline.php(137): Illuminate\Pipeline\Pipeline->Illuminate\Pipeline\{closure}(Object(Illuminate\Http\Request))
#37 C:\laragon\www\spw-monolith\vendor\laravel\framework\src\Illuminate\Routing\Router.php(821): Illuminate\Pipeline\Pipeline->then(Object(Closure))
#38 C:\laragon\www\spw-monolith\vendor\laravel\framework\src\Illuminate\Routing\Router.php(800): Illuminate\Routing\Router->runRouteWithinStack(Object(Illuminate\Routing\Route), Object(Illuminate\Http\Request))
#39 C:\laragon\www\spw-monolith\vendor\laravel\framework\src\Illuminate\Routing\Router.php(764): Illuminate\Routing\Router->runRoute(Object(Illuminate\Http\Request), Object(Illuminate\Routing\Route))
#40 C:\laragon\www\spw-monolith\vendor\laravel\framework\src\Illuminate\Routing\Router.php(753): Illuminate\Routing\Router->dispatchToRoute(Object(Illuminate\Http\Request))
#41 C:\laragon\www\spw-monolith\vendor\laravel\framework\src\Illuminate\Foundation\Http\Kernel.php(200): Illuminate\Routing\Router->dispatch(Object(Illuminate\Http\Request))
#42 C:\laragon\www\spw-monolith\vendor\laravel\framework\src\Illuminate\Pipeline\Pipeline.php(180): Illuminate\Foundation\Http\Kernel->Illuminate\Foundation\Http\{closure}(Object(Illuminate\Http\Request))
#43 C:\laragon\www\spw-monolith\vendor\laravel\framework\src\Illuminate\Foundation\Http\Middleware\TransformsRequest.php(21): Illuminate\Pipeline\Pipeline->Illuminate\Pipeline\{closure}(Object(Illuminate\Http\Request))
#44 C:\laragon\www\spw-monolith\vendor\laravel\framework\src\Illuminate\Foundation\Http\Middleware\ConvertEmptyStringsToNull.php(31): Illuminate\Foundation\Http\Middleware\TransformsRequest->handle(Object(Illuminate\Http\Request), Object(Closure))
#45 C:\laragon\www\spw-monolith\vendor\laravel\framework\src\Illuminate\Pipeline\Pipeline.php(219): Illuminate\Foundation\Http\Middleware\ConvertEmptyStringsToNull->handle(Object(Illuminate\Http\Request), Object(Closure))
#46 C:\laragon\www\spw-monolith\vendor\laravel\framework\src\Illuminate\Foundation\Http\Middleware\TransformsRequest.php(21): Illuminate\Pipeline\Pipeline->Illuminate\Pipeline\{closure}(Object(Illuminate\Http\Request))
#47 C:\laragon\www\spw-monolith\vendor\laravel\framework\src\Illuminate\Foundation\Http\Middleware\TrimStrings.php(51): Illuminate\Foundation\Http\Middleware\TransformsRequest->handle(Object(Illuminate\Http\Request), Object(Closure))
#48 C:\laragon\www\spw-monolith\vendor\laravel\framework\src\Illuminate\Pipeline\Pipeline.php(219): Illuminate\Foundation\Http\Middleware\TrimStrings->handle(Object(Illuminate\Http\Request), Object(Closure))
#49 C:\laragon\www\spw-monolith\vendor\laravel\framework\src\Illuminate\Http\Middleware\ValidatePostSize.php(27): Illuminate\Pipeline\Pipeline->Illuminate\Pipeline\{closure}(Object(Illuminate\Http\Request))
#50 C:\laragon\www\spw-monolith\vendor\laravel\framework\src\Illuminate\Pipeline\Pipeline.php(219): Illuminate\Http\Middleware\ValidatePostSize->handle(Object(Illuminate\Http\Request), Object(Closure))
#51 C:\laragon\www\spw-monolith\vendor\laravel\framework\src\Illuminate\Foundation\Http\Middleware\PreventRequestsDuringMaintenance.php(109): Illuminate\Pipeline\Pipeline->Illuminate\Pipeline\{closure}(Object(Illuminate\Http\Request))
#52 C:\laragon\www\spw-monolith\vendor\laravel\framework\src\Illuminate\Pipeline\Pipeline.php(219): Illuminate\Foundation\Http\Middleware\PreventRequestsDuringMaintenance->handle(Object(Illuminate\Http\Request), Object(Closure))
#53 C:\laragon\www\spw-monolith\vendor\laravel\framework\src\Illuminate\Http\Middleware\HandleCors.php(61): Illuminate\Pipeline\Pipeline->Illuminate\Pipeline\{closure}(Object(Illuminate\Http\Request))
#54 C:\laragon\www\spw-monolith\vendor\laravel\framework\src\Illuminate\Pipeline\Pipeline.php(219): Illuminate\Http\Middleware\HandleCors->handle(Object(Illuminate\Http\Request), Object(Closure))
#55 C:\laragon\www\spw-monolith\vendor\laravel\framework\src\Illuminate\Http\Middleware\TrustProxies.php(58): Illuminate\Pipeline\Pipeline->Illuminate\Pipeline\{closure}(Object(Illuminate\Http\Request))
#56 C:\laragon\www\spw-monolith\vendor\laravel\framework\src\Illuminate\Pipeline\Pipeline.php(219): Illuminate\Http\Middleware\TrustProxies->handle(Object(Illuminate\Http\Request), Object(Closure))
#57 C:\laragon\www\spw-monolith\vendor\laravel\framework\src\Illuminate\Foundation\Http\Middleware\InvokeDeferredCallbacks.php(22): Illuminate\Pipeline\Pipeline->Illuminate\Pipeline\{closure}(Object(Illuminate\Http\Request))
#58 C:\laragon\www\spw-monolith\vendor\laravel\framework\src\Illuminate\Pipeline\Pipeline.php(219): Illuminate\Foundation\Http\Middleware\InvokeDeferredCallbacks->handle(Object(Illuminate\Http\Request), Object(Closure))
#59 C:\laragon\www\spw-monolith\vendor\laravel\framework\src\Illuminate\Http\Middleware\ValidatePathEncoding.php(26): Illuminate\Pipeline\Pipeline->Illuminate\Pipeline\{closure}(Object(Illuminate\Http\Request))
#60 C:\laragon\www\spw-monolith\vendor\laravel\framework\src\Illuminate\Pipeline\Pipeline.php(219): Illuminate\Http\Middleware\ValidatePathEncoding->handle(Object(Illuminate\Http\Request), Object(Closure))
#61 C:\laragon\www\spw-monolith\vendor\laravel\framework\src\Illuminate\Pipeline\Pipeline.php(137): Illuminate\Pipeline\Pipeline->Illuminate\Pipeline\{closure}(Object(Illuminate\Http\Request))
#62 C:\laragon\www\spw-monolith\vendor\laravel\framework\src\Illuminate\Foundation\Http\Kernel.php(175): Illuminate\Pipeline\Pipeline->then(Object(Closure))
#63 C:\laragon\www\spw-monolith\vendor\laravel\framework\src\Illuminate\Foundation\Http\Kernel.php(144): Illuminate\Foundation\Http\Kernel->sendRequestThroughRouter(Object(Illuminate\Http\Request))
#64 C:\laragon\www\spw-monolith\vendor\laravel\framework\src\Illuminate\Foundation\Testing\Concerns\MakesHttpRequests.php(607): Illuminate\Foundation\Http\Kernel->handle(Object(Illuminate\Http\Request))
#65 C:\laragon\www\spw-monolith\vendor\laravel\framework\src\Illuminate\Foundation\Testing\Concerns\MakesHttpRequests.php(368): Illuminate\Foundation\Testing\TestCase->call('GET', 'http://localhos...', Array, Array, Array, Array)
#66 C:\laragon\www\spw-monolith\tests\Feature\DashboardTest.php(17): Illuminate\Foundation\Testing\TestCase->get('http://localhos...')
#67 C:\laragon\www\spw-monolith\vendor\phpunit\phpunit\src\Framework\TestCase.php(1656): Tests\Feature\DashboardTest->test_admin_can_access_admin_dashboard()
#68 C:\laragon\www\spw-monolith\vendor\phpunit\phpunit\src\Framework\TestCase.php(514): PHPUnit\Framework\TestCase->runTest()
#69 C:\laragon\www\spw-monolith\vendor\phpunit\phpunit\src\Framework\TestRunner\TestRunner.php(87): PHPUnit\Framework\TestCase->runBare()
#70 C:\laragon\www\spw-monolith\vendor\phpunit\phpunit\src\Framework\TestCase.php(361): PHPUnit\Framework\TestRunner->run(Object(Tests\Feature\DashboardTest))
#71 C:\laragon\www\spw-monolith\vendor\phpunit\phpunit\src\Framework\TestSuite.php(369): PHPUnit\Framework\TestCase->run()
#72 C:\laragon\www\spw-monolith\vendor\phpunit\phpunit\src\Framework\TestSuite.php(369): PHPUnit\Framework\TestSuite->run()
#73 C:\laragon\www\spw-monolith\vendor\phpunit\phpunit\src\Framework\TestSuite.php(369): PHPUnit\Framework\TestSuite->run()
#74 C:\laragon\www\spw-monolith\vendor\phpunit\phpunit\src\TextUI\TestRunner.php(64): PHPUnit\Framework\TestSuite->run()
#75 C:\laragon\www\spw-monolith\vendor\phpunit\phpunit\src\TextUI\Application.php(210): PHPUnit\TextUI\TestRunner->run(Object(PHPUnit\TextUI\Configuration\Configuration), Object(PHPUnit\Runner\ResultCache\DefaultResultCache), Object(PHPUnit\Framework\TestSuite))
#76 C:\laragon\www\spw-monolith\vendor\phpunit\phpunit\phpunit(104): PHPUnit\TextUI\Application->run(Array)
#77 C:\laragon\www\spw-monolith\vendor\bin\phpunit(123): include('C:\\laragon\\www\\...')
#78 {main}

----------------------------------------------------------------------------------

SQLSTATE[HY000]: General error: 1 no such function: MONTH (Connection: sqlite, Database: :memory:, SQL: select MONTH(created_at) as month, COUNT(*) as count from "orders" where strftime('%Y', "created_at") = cast(2026 as text) group by "month")

C:\laragon\www\spw-monolith\vendor\laravel\framework\src\Illuminate\Testing\TestResponseAssert.php:45
C:\laragon\www\spw-monolith\vendor\laravel\framework\src\Illuminate\Testing\TestResponse.php:174
C:\laragon\www\spw-monolith\tests\Feature\DashboardTest.php:19

3) Tests\Feature\ItemTest::test_admin_can_create_an_item
Failed asserting that a row in the table [items] matches the attributes {
    "name": "Testing Burger"
}.

The table is empty.

C:\laragon\www\spw-monolith\vendor\laravel\framework\src\Illuminate\Foundation\Testing\Concerns\InteractsWithDatabase.php:43
C:\laragon\www\spw-monolith\tests\Feature\ItemTest.php:33

4) Tests\Feature\ItemTest::test_admin_can_delete_an_item
Expected response status code [302] but received 500.
Failed asserting that 500 is identical to 302.

The following exception occurred during the last request:

TypeError: League\Flysystem\Filesystem::has(): Argument #1 ($location) must be of type string, null given, called in C:\laragon\www\spw-monolith\vendor\laravel\framework\src\Illuminate\Filesystem\FilesystemAdapter.php on line 218 and defined in C:\laragon\www\spw-monolith\vendor\league\flysystem\src\Filesystem.php:46
Stack trace:
#0 C:\laragon\www\spw-monolith\vendor\laravel\framework\src\Illuminate\Filesystem\FilesystemAdapter.php(218): League\Flysystem\Filesystem->has(NULL)
#1 C:\laragon\www\spw-monolith\app\Http\Controllers\ItemController.php(84): Illuminate\Filesystem\FilesystemAdapter->exists(NULL)
#2 C:\laragon\www\spw-monolith\vendor\laravel\framework\src\Illuminate\Routing\ControllerDispatcher.php(46): App\Http\Controllers\ItemController->destroy(Object(App\Models\Item))
#3 C:\laragon\www\spw-monolith\vendor\laravel\framework\src\Illuminate\Routing\Route.php(265): Illuminate\Routing\ControllerDispatcher->dispatch(Object(Illuminate\Routing\Route), Object(App\Http\Controllers\ItemController), 'destroy')
#4 C:\laragon\www\spw-monolith\vendor\laravel\framework\src\Illuminate\Routing\Route.php(211): Illuminate\Routing\Route->runController()
#5 C:\laragon\www\spw-monolith\vendor\laravel\framework\src\Illuminate\Routing\Router.php(822): Illuminate\Routing\Route->run()
#6 C:\laragon\www\spw-monolith\vendor\laravel\framework\src\Illuminate\Pipeline\Pipeline.php(180): Illuminate\Routing\Router->Illuminate\Routing\{closure}(Object(Illuminate\Http\Request))
#7 C:\laragon\www\spw-monolith\app\Http\Middleware\RoleMiddleware.php(24): Illuminate\Pipeline\Pipeline->Illuminate\Pipeline\{closure}(Object(Illuminate\Http\Request))
#8 C:\laragon\www\spw-monolith\vendor\laravel\framework\src\Illuminate\Pipeline\Pipeline.php(219): App\Http\Middleware\RoleMiddleware->handle(Object(Illuminate\Http\Request), Object(Closure), 'admin', 'staff')
#9 C:\laragon\www\spw-monolith\app\Http\Middleware\DetectUnsupportedBrowser.php(28): Illuminate\Pipeline\Pipeline->Illuminate\Pipeline\{closure}(Object(Illuminate\Http\Request))
#10 C:\laragon\www\spw-monolith\vendor\laravel\framework\src\Illuminate\Pipeline\Pipeline.php(219): App\Http\Middleware\DetectUnsupportedBrowser->handle(Object(Illuminate\Http\Request), Object(Closure))
#11 C:\laragon\www\spw-monolith\vendor\laravel\framework\src\Illuminate\Http\Middleware\AddLinkHeadersForPreloadedAssets.php(32): Illuminate\Pipeline\Pipeline->Illuminate\Pipeline\{closure}(Object(Illuminate\Http\Request))
#12 C:\laragon\www\spw-monolith\vendor\laravel\framework\src\Illuminate\Pipeline\Pipeline.php(219): Illuminate\Http\Middleware\AddLinkHeadersForPreloadedAssets->handle(Object(Illuminate\Http\Request), Object(Closure))
#13 C:\laragon\www\spw-monolith\vendor\inertiajs\inertia-laravel\src\Middleware.php(100): Illuminate\Pipeline\Pipeline->Illuminate\Pipeline\{closure}(Object(Illuminate\Http\Request))
#14 C:\laragon\www\spw-monolith\vendor\laravel\framework\src\Illuminate\Pipeline\Pipeline.php(219): Inertia\Middleware->handle(Object(Illuminate\Http\Request), Object(Closure))
#15 C:\laragon\www\spw-monolith\vendor\laravel\framework\src\Illuminate\Routing\Middleware\SubstituteBindings.php(50): Illuminate\Pipeline\Pipeline->Illuminate\Pipeline\{closure}(Object(Illuminate\Http\Request))
#16 C:\laragon\www\spw-monolith\vendor\laravel\framework\src\Illuminate\Pipeline\Pipeline.php(219): Illuminate\Routing\Middleware\SubstituteBindings->handle(Object(Illuminate\Http\Request), Object(Closure))
#17 C:\laragon\www\spw-monolith\vendor\laravel\framework\src\Illuminate\Auth\Middleware\Authenticate.php(63): Illuminate\Pipeline\Pipeline->Illuminate\Pipeline\{closure}(Object(Illuminate\Http\Request))
#18 C:\laragon\www\spw-monolith\vendor\laravel\framework\src\Illuminate\Pipeline\Pipeline.php(219): Illuminate\Auth\Middleware\Authenticate->handle(Object(Illuminate\Http\Request), Object(Closure))
#19 C:\laragon\www\spw-monolith\vendor\laravel\framework\src\Illuminate\Foundation\Http\Middleware\VerifyCsrfToken.php(87): Illuminate\Pipeline\Pipeline->Illuminate\Pipeline\{closure}(Object(Illuminate\Http\Request))
#20 C:\laragon\www\spw-monolith\vendor\laravel\framework\src\Illuminate\Pipeline\Pipeline.php(219): Illuminate\Foundation\Http\Middleware\VerifyCsrfToken->handle(Object(Illuminate\Http\Request), Object(Closure))
#21 C:\laragon\www\spw-monolith\vendor\laravel\framework\src\Illuminate\View\Middleware\ShareErrorsFromSession.php(48): Illuminate\Pipeline\Pipeline->Illuminate\Pipeline\{closure}(Object(Illuminate\Http\Request))
#22 C:\laragon\www\spw-monolith\vendor\laravel\framework\src\Illuminate\Pipeline\Pipeline.php(219): Illuminate\View\Middleware\ShareErrorsFromSession->handle(Object(Illuminate\Http\Request), Object(Closure))
#23 C:\laragon\www\spw-monolith\vendor\laravel\framework\src\Illuminate\Session\Middleware\StartSession.php(120): Illuminate\Pipeline\Pipeline->Illuminate\Pipeline\{closure}(Object(Illuminate\Http\Request))
#24 C:\laragon\www\spw-monolith\vendor\laravel\framework\src\Illuminate\Session\Middleware\StartSession.php(63): Illuminate\Session\Middleware\StartSession->handleStatefulRequest(Object(Illuminate\Http\Request), Object(Illuminate\Session\Store), Object(Closure))
#25 C:\laragon\www\spw-monolith\vendor\laravel\framework\src\Illuminate\Pipeline\Pipeline.php(219): Illuminate\Session\Middleware\StartSession->handle(Object(Illuminate\Http\Request), Object(Closure))
#26 C:\laragon\www\spw-monolith\vendor\laravel\framework\src\Illuminate\Cookie\Middleware\AddQueuedCookiesToResponse.php(36): Illuminate\Pipeline\Pipeline->Illuminate\Pipeline\{closure}(Object(Illuminate\Http\Request))
#27 C:\laragon\www\spw-monolith\vendor\laravel\framework\src\Illuminate\Pipeline\Pipeline.php(219): Illuminate\Cookie\Middleware\AddQueuedCookiesToResponse->handle(Object(Illuminate\Http\Request), Object(Closure))
#28 C:\laragon\www\spw-monolith\vendor\laravel\framework\src\Illuminate\Cookie\Middleware\EncryptCookies.php(74): Illuminate\Pipeline\Pipeline->Illuminate\Pipeline\{closure}(Object(Illuminate\Http\Request))
#29 C:\laragon\www\spw-monolith\vendor\laravel\framework\src\Illuminate\Pipeline\Pipeline.php(219): Illuminate\Cookie\Middleware\EncryptCookies->handle(Object(Illuminate\Http\Request), Object(Closure))
#30 C:\laragon\www\spw-monolith\vendor\laravel\framework\src\Illuminate\Pipeline\Pipeline.php(137): Illuminate\Pipeline\Pipeline->Illuminate\Pipeline\{closure}(Object(Illuminate\Http\Request))
#31 C:\laragon\www\spw-monolith\vendor\laravel\framework\src\Illuminate\Routing\Router.php(821): Illuminate\Pipeline\Pipeline->then(Object(Closure))
#32 C:\laragon\www\spw-monolith\vendor\laravel\framework\src\Illuminate\Routing\Router.php(800): Illuminate\Routing\Router->runRouteWithinStack(Object(Illuminate\Routing\Route), Object(Illuminate\Http\Request))
#33 C:\laragon\www\spw-monolith\vendor\laravel\framework\src\Illuminate\Routing\Router.php(764): Illuminate\Routing\Router->runRoute(Object(Illuminate\Http\Request), Object(Illuminate\Routing\Route))
#34 C:\laragon\www\spw-monolith\vendor\laravel\framework\src\Illuminate\Routing\Router.php(753): Illuminate\Routing\Router->dispatchToRoute(Object(Illuminate\Http\Request))
#35 C:\laragon\www\spw-monolith\vendor\laravel\framework\src\Illuminate\Foundation\Http\Kernel.php(200): Illuminate\Routing\Router->dispatch(Object(Illuminate\Http\Request))
#36 C:\laragon\www\spw-monolith\vendor\laravel\framework\src\Illuminate\Pipeline\Pipeline.php(180): Illuminate\Foundation\Http\Kernel->Illuminate\Foundation\Http\{closure}(Object(Illuminate\Http\Request))
#37 C:\laragon\www\spw-monolith\vendor\laravel\framework\src\Illuminate\Foundation\Http\Middleware\TransformsRequest.php(21): Illuminate\Pipeline\Pipeline->Illuminate\Pipeline\{closure}(Object(Illuminate\Http\Request))
#38 C:\laragon\www\spw-monolith\vendor\laravel\framework\src\Illuminate\Foundation\Http\Middleware\ConvertEmptyStringsToNull.php(31): Illuminate\Foundation\Http\Middleware\TransformsRequest->handle(Object(Illuminate\Http\Request), Object(Closure))
#39 C:\laragon\www\spw-monolith\vendor\laravel\framework\src\Illuminate\Pipeline\Pipeline.php(219): Illuminate\Foundation\Http\Middleware\ConvertEmptyStringsToNull->handle(Object(Illuminate\Http\Request), Object(Closure))
#40 C:\laragon\www\spw-monolith\vendor\laravel\framework\src\Illuminate\Foundation\Http\Middleware\TransformsRequest.php(21): Illuminate\Pipeline\Pipeline->Illuminate\Pipeline\{closure}(Object(Illuminate\Http\Request))
#41 C:\laragon\www\spw-monolith\vendor\laravel\framework\src\Illuminate\Foundation\Http\Middleware\TrimStrings.php(51): Illuminate\Foundation\Http\Middleware\TransformsRequest->handle(Object(Illuminate\Http\Request), Object(Closure))
#42 C:\laragon\www\spw-monolith\vendor\laravel\framework\src\Illuminate\Pipeline\Pipeline.php(219): Illuminate\Foundation\Http\Middleware\TrimStrings->handle(Object(Illuminate\Http\Request), Object(Closure))
#43 C:\laragon\www\spw-monolith\vendor\laravel\framework\src\Illuminate\Http\Middleware\ValidatePostSize.php(27): Illuminate\Pipeline\Pipeline->Illuminate\Pipeline\{closure}(Object(Illuminate\Http\Request))
#44 C:\laragon\www\spw-monolith\vendor\laravel\framework\src\Illuminate\Pipeline\Pipeline.php(219): Illuminate\Http\Middleware\ValidatePostSize->handle(Object(Illuminate\Http\Request), Object(Closure))
#45 C:\laragon\www\spw-monolith\vendor\laravel\framework\src\Illuminate\Foundation\Http\Middleware\PreventRequestsDuringMaintenance.php(109): Illuminate\Pipeline\Pipeline->Illuminate\Pipeline\{closure}(Object(Illuminate\Http\Request))
#46 C:\laragon\www\spw-monolith\vendor\laravel\framework\src\Illuminate\Pipeline\Pipeline.php(219): Illuminate\Foundation\Http\Middleware\PreventRequestsDuringMaintenance->handle(Object(Illuminate\Http\Request), Object(Closure))
#47 C:\laragon\www\spw-monolith\vendor\laravel\framework\src\Illuminate\Http\Middleware\HandleCors.php(61): Illuminate\Pipeline\Pipeline->Illuminate\Pipeline\{closure}(Object(Illuminate\Http\Request))
#48 C:\laragon\www\spw-monolith\vendor\laravel\framework\src\Illuminate\Pipeline\Pipeline.php(219): Illuminate\Http\Middleware\HandleCors->handle(Object(Illuminate\Http\Request), Object(Closure))
#49 C:\laragon\www\spw-monolith\vendor\laravel\framework\src\Illuminate\Http\Middleware\TrustProxies.php(58): Illuminate\Pipeline\Pipeline->Illuminate\Pipeline\{closure}(Object(Illuminate\Http\Request))
#50 C:\laragon\www\spw-monolith\vendor\laravel\framework\src\Illuminate\Pipeline\Pipeline.php(219): Illuminate\Http\Middleware\TrustProxies->handle(Object(Illuminate\Http\Request), Object(Closure))
#51 C:\laragon\www\spw-monolith\vendor\laravel\framework\src\Illuminate\Foundation\Http\Middleware\InvokeDeferredCallbacks.php(22): Illuminate\Pipeline\Pipeline->Illuminate\Pipeline\{closure}(Object(Illuminate\Http\Request))
#52 C:\laragon\www\spw-monolith\vendor\laravel\framework\src\Illuminate\Pipeline\Pipeline.php(219): Illuminate\Foundation\Http\Middleware\InvokeDeferredCallbacks->handle(Object(Illuminate\Http\Request), Object(Closure))
#53 C:\laragon\www\spw-monolith\vendor\laravel\framework\src\Illuminate\Http\Middleware\ValidatePathEncoding.php(26): Illuminate\Pipeline\Pipeline->Illuminate\Pipeline\{closure}(Object(Illuminate\Http\Request))
#54 C:\laragon\www\spw-monolith\vendor\laravel\framework\src\Illuminate\Pipeline\Pipeline.php(219): Illuminate\Http\Middleware\ValidatePathEncoding->handle(Object(Illuminate\Http\Request), Object(Closure))
#55 C:\laragon\www\spw-monolith\vendor\laravel\framework\src\Illuminate\Pipeline\Pipeline.php(137): Illuminate\Pipeline\Pipeline->Illuminate\Pipeline\{closure}(Object(Illuminate\Http\Request))
#56 C:\laragon\www\spw-monolith\vendor\laravel\framework\src\Illuminate\Foundation\Http\Kernel.php(175): Illuminate\Pipeline\Pipeline->then(Object(Closure))
#57 C:\laragon\www\spw-monolith\vendor\laravel\framework\src\Illuminate\Foundation\Http\Kernel.php(144): Illuminate\Foundation\Http\Kernel->sendRequestThroughRouter(Object(Illuminate\Http\Request))
#58 C:\laragon\www\spw-monolith\vendor\laravel\framework\src\Illuminate\Foundation\Testing\Concerns\MakesHttpRequests.php(607): Illuminate\Foundation\Http\Kernel->handle(Object(Illuminate\Http\Request))
#59 C:\laragon\www\spw-monolith\vendor\laravel\framework\src\Illuminate\Foundation\Testing\Concerns\MakesHttpRequests.php(487): Illuminate\Foundation\Testing\TestCase->call('DELETE', 'http://localhos...', Array, Array, Array, Array)
#60 C:\laragon\www\spw-monolith\tests\Feature\ItemTest.php(41): Illuminate\Foundation\Testing\TestCase->delete('http://localhos...')
#61 C:\laragon\www\spw-monolith\vendor\phpunit\phpunit\src\Framework\TestCase.php(1656): Tests\Feature\ItemTest->test_admin_can_delete_an_item()
#62 C:\laragon\www\spw-monolith\vendor\phpunit\phpunit\src\Framework\TestCase.php(514): PHPUnit\Framework\TestCase->runTest()
#63 C:\laragon\www\spw-monolith\vendor\phpunit\phpunit\src\Framework\TestRunner\TestRunner.php(87): PHPUnit\Framework\TestCase->runBare()
#64 C:\laragon\www\spw-monolith\vendor\phpunit\phpunit\src\Framework\TestCase.php(361): PHPUnit\Framework\TestRunner->run(Object(Tests\Feature\ItemTest))
#65 C:\laragon\www\spw-monolith\vendor\phpunit\phpunit\src\Framework\TestSuite.php(369): PHPUnit\Framework\TestCase->run()
#66 C:\laragon\www\spw-monolith\vendor\phpunit\phpunit\src\Framework\TestSuite.php(369): PHPUnit\Framework\TestSuite->run()
#67 C:\laragon\www\spw-monolith\vendor\phpunit\phpunit\src\Framework\TestSuite.php(369): PHPUnit\Framework\TestSuite->run()
#68 C:\laragon\www\spw-monolith\vendor\phpunit\phpunit\src\TextUI\TestRunner.php(64): PHPUnit\Framework\TestSuite->run()
#69 C:\laragon\www\spw-monolith\vendor\phpunit\phpunit\src\TextUI\Application.php(210): PHPUnit\TextUI\TestRunner->run(Object(PHPUnit\TextUI\Configuration\Configuration), Object(PHPUnit\Runner\ResultCache\DefaultResultCache), Object(PHPUnit\Framework\TestSuite))
#70 C:\laragon\www\spw-monolith\vendor\phpunit\phpunit\phpunit(104): PHPUnit\TextUI\Application->run(Array)
#71 C:\laragon\www\spw-monolith\vendor\bin\phpunit(123): include('C:\\laragon\\www\\...')
#72 {main}

----------------------------------------------------------------------------------

League\Flysystem\Filesystem::has(): Argument #1 ($location) must be of type string, null given, called in C:\laragon\www\spw-monolith\vendor\laravel\framework\src\Illuminate\Filesystem\FilesystemAdapter.php on line 218

C:\laragon\www\spw-monolith\vendor\laravel\framework\src\Illuminate\Testing\TestResponseAssert.php:45
C:\laragon\www\spw-monolith\vendor\laravel\framework\src\Illuminate\Testing\TestResponse.php:174
C:\laragon\www\spw-monolith\tests\Feature\ItemTest.php:43

5) Tests\Feature\ProfileTest::test_profile_page_is_displayed
Expected response status code [200] but received 404.
Failed asserting that 404 is identical to 200.

C:\laragon\www\spw-monolith\vendor\laravel\framework\src\Illuminate\Testing\TestResponseAssert.php:45
C:\laragon\www\spw-monolith\vendor\laravel\framework\src\Illuminate\Testing\TestResponse.php:174
C:\laragon\www\spw-monolith\vendor\laravel\framework\src\Illuminate\Testing\Concerns\AssertsStatusCodes.php:16
C:\laragon\www\spw-monolith\tests\Feature\ProfileTest.php:21

6) Tests\Feature\ProfileTest::test_profile_information_can_be_updated
Expected response status code [201, 301, 302, 303, 307, 308] but received 404.
Failed asserting that false is true.

C:\laragon\www\spw-monolith\vendor\laravel\framework\src\Illuminate\Testing\TestResponseAssert.php:45
C:\laragon\www\spw-monolith\vendor\laravel\framework\src\Illuminate\Testing\TestResponse.php:199
C:\laragon\www\spw-monolith\tests\Feature\ProfileTest.php:37

7) Tests\Feature\ProfileTest::test_email_verification_status_is_unchanged_when_the_email_address_is_unchanged
Expected response status code [201, 301, 302, 303, 307, 308] but received 404.
Failed asserting that false is true.

C:\laragon\www\spw-monolith\vendor\laravel\framework\src\Illuminate\Testing\TestResponseAssert.php:45
C:\laragon\www\spw-monolith\vendor\laravel\framework\src\Illuminate\Testing\TestResponse.php:199
C:\laragon\www\spw-monolith\tests\Feature\ProfileTest.php:59

8) Tests\Feature\ProfileTest::test_user_can_delete_their_account
Expected response status code [201, 301, 302, 303, 307, 308] but received 404.
Failed asserting that false is true.

C:\laragon\www\spw-monolith\vendor\laravel\framework\src\Illuminate\Testing\TestResponseAssert.php:45
C:\laragon\www\spw-monolith\vendor\laravel\framework\src\Illuminate\Testing\TestResponse.php:199
C:\laragon\www\spw-monolith\tests\Feature\ProfileTest.php:76

9) Tests\Feature\ProfileTest::test_correct_password_must_be_provided_to_delete_account
Session is missing expected key [errors].
Failed asserting that false is true.

C:\laragon\www\spw-monolith\vendor\laravel\framework\src\Illuminate\Testing\TestResponseAssert.php:45
C:\laragon\www\spw-monolith\vendor\laravel\framework\src\Illuminate\Testing\TestResponse.php:1546
C:\laragon\www\spw-monolith\vendor\laravel\framework\src\Illuminate\Testing\TestResponse.php:1633
C:\laragon\www\spw-monolith\tests\Feature\ProfileTest.php:94

FAILURES!
Tests: 11, Assertions: 16, Failures: 9.
